2026-06-21 20:12:19: ▲ Next.js 16.2.6
2026-06-21 20:12:19: - Local:         http://localhost:3003
2026-06-21 20:12:19: - Network:       http://0.0.0.0:3003
2026-06-21 20:12:19: ✓ Ready in 188ms
2026-06-21 20:12:19: ◇ injected env (0) from .env.local // tip: ⌘ override existing { override: true }
2026-06-21 20:12:19: ◇ injected env (0) from .env // tip: ◈ encrypted .env [www.dotenvx.com]
2026-06-21 20:50:45: ▲ Next.js 16.2.6
2026-06-21 20:50:45: - Local:         http://localhost:3003
2026-06-21 20:50:45: - Network:       http://0.0.0.0:3003
2026-06-21 20:50:45: ✓ Ready in 367ms
2026-06-21 20:50:45: ◇ injected env (0) from .env.local // tip: ◈ encrypted .env [www.dotenvx.com]
2026-06-21 20:50:45: ◇ injected env (0) from .env // tip: ⌘ enable debugging { debug: true }
2026-06-21 20:53:22: ▲ Next.js 16.2.6
2026-06-21 20:53:22: - Local:         http://localhost:3003
2026-06-21 20:53:22: - Network:       http://0.0.0.0:3003
2026-06-21 20:53:22: ✓ Ready in 949ms
2026-06-21 20:53:22: ◇ injected env (0) from .env.local // tip: ⌁ auth for agents [www.vestauth.com]
2026-06-21 20:53:22: ◇ injected env (0) from .env // tip: ⌁ auth for agents [www.vestauth.com]
2026-06-21 20:57:43: ▲ Next.js 16.2.6
2026-06-21 20:57:43: - Local:         http://localhost:3003
2026-06-21 20:57:43: - Network:       http://0.0.0.0:3003
2026-06-21 20:57:43: ✓ Ready in 241ms
2026-06-21 20:57:43: ◇ injected env (0) from .env.local // tip: ⌘ suppress logs { quiet: true }
2026-06-21 20:57:43: ◇ injected env (0) from .env // tip: ◈ secrets for agents [www.dotenvx.com]
2026-06-21 21:00:32: ▲ Next.js 16.2.6
2026-06-21 21:00:32: - Local:         http://localhost:3003
2026-06-21 21:00:32: - Network:       http://0.0.0.0:3003
2026-06-21 21:00:32: ✓ Ready in 238ms
2026-06-21 21:00:32: ◇ injected env (0) from .env.local // tip: ◈ secrets for agents [www.dotenvx.com]
2026-06-21 21:00:32: ◇ injected env (0) from .env // tip: ⌘ enable debugging { debug: true }
2026-06-22 03:07:50: ▲ Next.js 16.2.6
2026-06-22 03:07:50: - Local:         http://localhost:3003
2026-06-22 03:07:50: - Network:       http://0.0.0.0:3003
2026-06-22 03:07:50: ✓ Ready in 209ms
2026-06-22 03:07:50: ◇ injected env (0) from .env.local // tip: ⌘ enable debugging { debug: true }
2026-06-22 03:07:50: ◇ injected env (0) from .env // tip: ⌘ override existing { override: true }
2026-07-06 22:42:56: ▲ Next.js 16.2.6
2026-07-06 22:42:56: - Local:         http://localhost:3003
2026-07-06 22:42:56: - Network:       http://0.0.0.0:3003
2026-07-06 22:42:56: ✓ Ready in 259ms
2026-07-06 22:42:56: ◇ injected env (0) from .env.local // tip: ⌘ override existing { override: true }
2026-07-06 22:42:56: ◇ injected env (0) from .env // tip: ⌘ override existing { override: true }
2026-07-06 23:10:20: ▲ Next.js 16.2.6
2026-07-06 23:10:20: - Local:         http://localhost:3003
2026-07-06 23:10:20: - Network:       http://0.0.0.0:3003
2026-07-06 23:10:20: ✓ Ready in 199ms
2026-07-06 23:10:20: ◇ injected env (0) from .env.local // tip: ◈ encrypted .env [www.dotenvx.com]
2026-07-06 23:10:20: ◇ injected env (0) from .env // tip: ⌘ multiple files { path: ['.env.local', '.env'] }
2026-07-06 23:17:25: ▲ Next.js 16.2.6
2026-07-06 23:17:25: - Local:         http://localhost:3003
2026-07-06 23:17:25: - Network:       http://0.0.0.0:3003
2026-07-06 23:17:25: ✓ Ready in 274ms
2026-07-06 23:17:25: ◇ injected env (0) from .env.local // tip: ⌁ auth for agents [www.vestauth.com]
2026-07-06 23:17:25: ◇ injected env (0) from .env // tip: ◈ encrypted .env [www.dotenvx.com]
2026-07-06 23:24:48: ▲ Next.js 16.2.6
2026-07-06 23:24:48: - Local:         http://localhost:3003
2026-07-06 23:24:48: - Network:       http://0.0.0.0:3003
2026-07-06 23:24:48: ✓ Ready in 185ms
2026-07-06 23:24:48: ◇ injected env (0) from .env.local // tip: ⌁ auth for agents [www.vestauth.com]
2026-07-06 23:24:48: ◇ injected env (0) from .env // tip: ⌁ auth for agents [www.vestauth.com]
2026-07-06 23:32:16: ▲ Next.js 16.2.6
2026-07-06 23:32:16: - Local:         http://localhost:3003
2026-07-06 23:32:16: - Network:       http://0.0.0.0:3003
2026-07-06 23:32:16: ✓ Ready in 223ms
2026-07-06 23:32:16: ◇ injected env (0) from .env.local // tip: ⌘ multiple files { path: ['.env.local', '.env'] }
2026-07-06 23:32:16: ◇ injected env (0) from .env // tip: ⌘ custom filepath { path: '/custom/path/.env' }
2026-07-06 23:37:32: ▲ Next.js 16.2.6
2026-07-06 23:37:32: - Local:         http://localhost:3003
2026-07-06 23:37:32: - Network:       http://0.0.0.0:3003
2026-07-06 23:37:32: ✓ Ready in 341ms
2026-07-06 23:37:33: ◇ injected env (0) from .env.local // tip: ⌘ enable debugging { debug: true }
2026-07-06 23:37:33: ◇ injected env (0) from .env // tip: ◈ secrets for agents [www.dotenvx.com]
2026-07-06 23:40:14: ▲ Next.js 16.2.6
2026-07-06 23:40:14: - Local:         http://localhost:3003
2026-07-06 23:40:14: - Network:       http://0.0.0.0:3003
2026-07-06 23:40:14: ✓ Ready in 189ms
2026-07-06 23:40:14: ◇ injected env (0) from .env.local // tip: ⌘ multiple files { path: ['.env.local', '.env'] }
2026-07-06 23:40:14: ◇ injected env (0) from .env // tip: ⌘ suppress logs { quiet: true }
2026-07-06 23:43:35: ▲ Next.js 16.2.6
2026-07-06 23:43:35: - Local:         http://localhost:3003
2026-07-06 23:43:35: - Network:       http://0.0.0.0:3003
2026-07-06 23:43:35: ✓ Ready in 186ms
2026-07-06 23:43:35: ◇ injected env (0) from .env.local // tip: ◈ secrets for agents [www.dotenvx.com]
2026-07-06 23:43:35: ◇ injected env (0) from .env // tip: ◈ encrypted .env [www.dotenvx.com]
2026-07-06 23:44:32: ▲ Next.js 16.2.6
2026-07-06 23:44:32: - Local:         http://localhost:3003
2026-07-06 23:44:32: - Network:       http://0.0.0.0:3003
2026-07-06 23:44:32: ✓ Ready in 187ms
2026-07-06 23:44:32: ◇ injected env (0) from .env.local // tip: ⌁ auth for agents [www.vestauth.com]
2026-07-06 23:44:32: ◇ injected env (0) from .env // tip: ⌘ custom filepath { path: '/custom/path/.env' }
2026-07-06 23:51:42: ▲ Next.js 16.2.6
2026-07-06 23:51:42: - Local:         http://localhost:3003
2026-07-06 23:51:42: - Network:       http://0.0.0.0:3003
2026-07-06 23:51:42: ✓ Ready in 186ms
2026-07-06 23:51:42: ◇ injected env (0) from .env.local // tip: ◈ secrets for agents [www.dotenvx.com]
2026-07-06 23:51:42: ◇ injected env (0) from .env // tip: ⌘ custom filepath { path: '/custom/path/.env' }
2026-07-06 23:55:59: ▲ Next.js 16.2.6
2026-07-06 23:55:59: - Local:         http://localhost:3003
2026-07-06 23:55:59: - Network:       http://0.0.0.0:3003
2026-07-06 23:55:59: ✓ Ready in 187ms
2026-07-06 23:55:59: ◇ injected env (0) from .env.local // tip: ⌘ multiple files { path: ['.env.local', '.env'] }
2026-07-06 23:55:59: ◇ injected env (0) from .env // tip: ◈ secrets for agents [www.dotenvx.com]
2026-07-06 23:56:44: ▲ Next.js 16.2.6
2026-07-06 23:56:44: - Local:         http://localhost:3003
2026-07-06 23:56:44: - Network:       http://0.0.0.0:3003
2026-07-06 23:56:44: ✓ Ready in 184ms
2026-07-06 23:56:44: ◇ injected env (0) from .env.local // tip: ⌘ multiple files { path: ['.env.local', '.env'] }
2026-07-06 23:56:44: ◇ injected env (0) from .env // tip: ◈ encrypted .env [www.dotenvx.com]
2026-07-07 00:05:35: ▲ Next.js 16.2.6
2026-07-07 00:05:35: - Local:         http://localhost:3003
2026-07-07 00:05:35: - Network:       http://0.0.0.0:3003
2026-07-07 00:05:35: ✓ Ready in 186ms
2026-07-07 00:05:35: ◇ injected env (0) from .env.local // tip: ⌘ custom filepath { path: '/custom/path/.env' }
2026-07-07 00:05:35: ◇ injected env (0) from .env // tip: ⌘ custom filepath { path: '/custom/path/.env' }
2026-07-07 00:12:54: ▲ Next.js 16.2.6
2026-07-07 00:12:54: - Local:         http://localhost:3003
2026-07-07 00:12:54: - Network:       http://0.0.0.0:3003
2026-07-07 00:12:54: ✓ Ready in 187ms
2026-07-07 00:12:54: ◇ injected env (0) from .env.local // tip: ⌘ suppress logs { quiet: true }
2026-07-07 00:12:54: ◇ injected env (0) from .env // tip: ⌘ custom filepath { path: '/custom/path/.env' }
2026-07-07 00:20:25: ▲ Next.js 16.2.6
2026-07-07 00:20:25: - Local:         http://localhost:3003
2026-07-07 00:20:25: - Network:       http://0.0.0.0:3003
2026-07-07 00:20:25: ✓ Ready in 187ms
2026-07-07 00:20:25: ◇ injected env (0) from .env.local // tip: ◈ secrets for agents [www.dotenvx.com]
2026-07-07 00:20:25: ◇ injected env (0) from .env // tip: ⌘ override existing { override: true }
2026-07-07 00:24:02: ▲ Next.js 16.2.6
2026-07-07 00:24:02: - Local:         http://localhost:3003
2026-07-07 00:24:02: - Network:       http://0.0.0.0:3003
2026-07-07 00:24:02: ✓ Ready in 187ms
2026-07-07 00:24:02: ◇ injected env (0) from .env.local // tip: ⌁ auth for agents [www.vestauth.com]
2026-07-07 00:24:02: ◇ injected env (0) from .env // tip: ⌘ multiple files { path: ['.env.local', '.env'] }
2026-07-07 00:26:03: ▲ Next.js 16.2.6
2026-07-07 00:26:03: - Local:         http://localhost:3003
2026-07-07 00:26:03: - Network:       http://0.0.0.0:3003
2026-07-07 00:26:03: ✓ Ready in 188ms
2026-07-07 00:26:03: ◇ injected env (0) from .env.local // tip: ◈ encrypted .env [www.dotenvx.com]
2026-07-07 00:26:03: ◇ injected env (0) from .env // tip: ⌘ enable debugging { debug: true }
2026-07-07 00:36:31: ▲ Next.js 16.2.6
2026-07-07 00:36:31: - Local:         http://localhost:3003
2026-07-07 00:36:31: - Network:       http://0.0.0.0:3003
2026-07-07 00:36:31: ✓ Ready in 189ms
2026-07-07 00:36:31: ◇ injected env (0) from .env.local // tip: ⌘ suppress logs { quiet: true }
2026-07-07 00:36:31: ◇ injected env (0) from .env // tip: ⌘ suppress logs { quiet: true }
2026-07-07 00:43:28: ▲ Next.js 16.2.6
2026-07-07 00:43:28: - Local:         http://localhost:3003
2026-07-07 00:43:28: - Network:       http://0.0.0.0:3003
2026-07-07 00:43:28: ✓ Ready in 335ms
2026-07-07 00:43:28: ◇ injected env (0) from .env.local // tip: ⌘ custom filepath { path: '/custom/path/.env' }
2026-07-07 00:43:28: ◇ injected env (0) from .env // tip: ◈ secrets for agents [www.dotenvx.com]
2026-07-07 00:45:19: ▲ Next.js 16.2.6
2026-07-07 00:45:19: - Local:         http://localhost:3003
2026-07-07 00:45:19: - Network:       http://0.0.0.0:3003
2026-07-07 00:45:19: ✓ Ready in 186ms
2026-07-07 00:45:19: ◇ injected env (0) from .env.local // tip: ◈ secrets for agents [www.dotenvx.com]
2026-07-07 00:45:19: ◇ injected env (0) from .env // tip: ⌘ override existing { override: true }
2026-07-07 00:57:17: ▲ Next.js 16.2.6
2026-07-07 00:57:17: - Local:         http://localhost:3003
2026-07-07 00:57:17: - Network:       http://0.0.0.0:3003
2026-07-07 00:57:17: ✓ Ready in 188ms
2026-07-07 00:57:17: ◇ injected env (0) from .env.local // tip: ⌘ multiple files { path: ['.env.local', '.env'] }
2026-07-07 00:57:17: ◇ injected env (0) from .env // tip: ⌘ enable debugging { debug: true }
2026-07-07 01:04:34: ▲ Next.js 16.2.6
2026-07-07 01:04:34: - Local:         http://localhost:3003
2026-07-07 01:04:34: - Network:       http://0.0.0.0:3003
2026-07-07 01:04:34: ✓ Ready in 185ms
2026-07-07 01:04:34: ◇ injected env (0) from .env.local // tip: ⌁ auth for agents [www.vestauth.com]
2026-07-07 01:04:34: ◇ injected env (0) from .env // tip: ⌘ custom filepath { path: '/custom/path/.env' }
2026-07-07 01:06:31: ▲ Next.js 16.2.6
2026-07-07 01:06:31: - Local:         http://localhost:3003
2026-07-07 01:06:31: - Network:       http://0.0.0.0:3003
2026-07-07 01:06:31: ✓ Ready in 187ms
2026-07-07 01:06:31: ◇ injected env (0) from .env.local // tip: ◈ encrypted .env [www.dotenvx.com]
2026-07-07 01:06:31: ◇ injected env (0) from .env // tip: ◈ secrets for agents [www.dotenvx.com]
2026-07-07 01:08:35: ▲ Next.js 16.2.6
2026-07-07 01:08:35: - Local:         http://localhost:3003
2026-07-07 01:08:35: - Network:       http://0.0.0.0:3003
2026-07-07 01:08:35: ✓ Ready in 188ms
2026-07-07 01:08:36: ◇ injected env (0) from .env.local // tip: ⌘ multiple files { path: ['.env.local', '.env'] }
2026-07-07 01:08:36: ◇ injected env (0) from .env // tip: ⌁ auth for agents [www.vestauth.com]
2026-07-07 04:04:44: ▲ Next.js 16.2.6
2026-07-07 04:04:44: - Local:         http://localhost:3003
2026-07-07 04:04:44: - Network:       http://0.0.0.0:3003
2026-07-07 04:04:44: ✓ Ready in 185ms
2026-07-07 04:04:44: ◇ injected env (0) from .env.local // tip: ◈ secrets for agents [www.dotenvx.com]
2026-07-07 04:04:44: ◇ injected env (0) from .env // tip: ⌘ override existing { override: true }
2026-07-07 04:07:57: ▲ Next.js 16.2.6
2026-07-07 04:07:57: - Local:         http://localhost:3003
2026-07-07 04:07:57: - Network:       http://0.0.0.0:3003
2026-07-07 04:07:57: ✓ Ready in 325ms
2026-07-07 04:07:57: ◇ injected env (0) from .env.local // tip: ◈ encrypted .env [www.dotenvx.com]
2026-07-07 04:07:57: ◇ injected env (0) from .env // tip: ⌘ suppress logs { quiet: true }
2026-07-07 04:24:16: ▲ Next.js 16.2.6
2026-07-07 04:24:16: - Local:         http://localhost:3003
2026-07-07 04:24:16: - Network:       http://0.0.0.0:3003
2026-07-07 04:24:16: ✓ Ready in 254ms
2026-07-07 04:24:16: ◇ injected env (0) from .env.local // tip: ⌘ override existing { override: true }
2026-07-07 04:24:16: ◇ injected env (0) from .env // tip: ⌘ multiple files { path: ['.env.local', '.env'] }
2026-07-07 04:29:20: ▲ Next.js 16.2.6
2026-07-07 04:29:20: - Local:         http://localhost:3003
2026-07-07 04:29:20: - Network:       http://0.0.0.0:3003
2026-07-07 04:29:20: ✓ Ready in 232ms
2026-07-07 04:29:20: ◇ injected env (0) from .env.local // tip: ⌘ enable debugging { debug: true }
2026-07-07 04:29:20: ◇ injected env (0) from .env // tip: ⌘ suppress logs { quiet: true }
2026-07-07 04:36:54: ▲ Next.js 16.2.6
2026-07-07 04:36:54: - Local:         http://localhost:3003
2026-07-07 04:36:54: - Network:       http://0.0.0.0:3003
2026-07-07 04:36:54: ✓ Ready in 190ms
2026-07-07 04:36:54: ◇ injected env (0) from .env.local // tip: ⌘ suppress logs { quiet: true }
2026-07-07 04:36:54: ◇ injected env (0) from .env // tip: ⌘ custom filepath { path: '/custom/path/.env' }
2026-07-07 04:42:54: ▲ Next.js 16.2.6
2026-07-07 04:42:54: - Local:         http://localhost:3003
2026-07-07 04:42:54: - Network:       http://0.0.0.0:3003
2026-07-07 04:42:54: ✓ Ready in 190ms
2026-07-07 04:42:54: ◇ injected env (0) from .env.local // tip: ⌘ override existing { override: true }
2026-07-07 04:42:54: ◇ injected env (0) from .env // tip: ⌁ auth for agents [www.vestauth.com]
2026-07-07 04:57:34: ▲ Next.js 16.2.6
2026-07-07 04:57:34: - Local:         http://localhost:3003
2026-07-07 04:57:34: - Network:       http://0.0.0.0:3003
2026-07-07 04:57:34: ✓ Ready in 187ms
2026-07-07 04:57:34: ◇ injected env (0) from .env.local // tip: ⌘ enable debugging { debug: true }
2026-07-07 04:57:34: ◇ injected env (0) from .env // tip: ⌘ multiple files { path: ['.env.local', '.env'] }
2026-07-07 05:12:20: ▲ Next.js 16.2.6
2026-07-07 05:12:20: - Local:         http://localhost:3003
2026-07-07 05:12:20: - Network:       http://0.0.0.0:3003
2026-07-07 05:12:20: ✓ Ready in 221ms
2026-07-07 05:12:20: ◇ injected env (0) from .env.local // tip: ⌁ auth for agents [www.vestauth.com]
2026-07-07 05:12:20: ◇ injected env (0) from .env // tip: ⌘ override existing { override: true }
2026-07-07 05:27:29: ▲ Next.js 16.2.6
2026-07-07 05:27:29: - Local:         http://localhost:3003
2026-07-07 05:27:29: - Network:       http://0.0.0.0:3003
2026-07-07 05:27:29: ✓ Ready in 191ms
2026-07-07 05:27:29: ◇ injected env (0) from .env.local // tip: ⌘ custom filepath { path: '/custom/path/.env' }
2026-07-07 05:27:29: ◇ injected env (0) from .env // tip: ◈ encrypted .env [www.dotenvx.com]
2026-07-07 05:29:20: ▲ Next.js 16.2.6
2026-07-07 05:29:20: - Local:         http://localhost:3003
2026-07-07 05:29:20: - Network:       http://0.0.0.0:3003
2026-07-07 05:29:20: ✓ Ready in 187ms
2026-07-07 05:29:20: ◇ injected env (0) from .env.local // tip: ⌘ custom filepath { path: '/custom/path/.env' }
2026-07-07 05:29:20: ◇ injected env (0) from .env // tip: ⌘ override existing { override: true }
2026-07-07 05:33:26: ▲ Next.js 16.2.6
2026-07-07 05:33:26: - Local:         http://localhost:3003
2026-07-07 05:33:26: - Network:       http://0.0.0.0:3003
2026-07-07 05:33:26: ✓ Ready in 187ms
2026-07-07 05:33:26: ◇ injected env (0) from .env.local // tip: ⌘ override existing { override: true }
2026-07-07 05:33:26: ◇ injected env (0) from .env // tip: ⌘ multiple files { path: ['.env.local', '.env'] }
2026-07-07 05:38:29: ▲ Next.js 16.2.6
2026-07-07 05:38:29: - Local:         http://localhost:3003
2026-07-07 05:38:29: - Network:       http://0.0.0.0:3003
2026-07-07 05:38:29: ✓ Ready in 188ms
2026-07-07 05:38:29: ◇ injected env (0) from .env.local // tip: ⌘ multiple files { path: ['.env.local', '.env'] }
2026-07-07 05:38:29: ◇ injected env (0) from .env // tip: ⌁ auth for agents [www.vestauth.com]
2026-07-07 05:40:36: ▲ Next.js 16.2.6
2026-07-07 05:40:36: - Local:         http://localhost:3003
2026-07-07 05:40:36: - Network:       http://0.0.0.0:3003
2026-07-07 05:40:36: ✓ Ready in 411ms
2026-07-07 05:40:36: ◇ injected env (0) from .env.local // tip: ⌘ override existing { override: true }
2026-07-07 05:40:36: ◇ injected env (0) from .env // tip: ◈ encrypted .env [www.dotenvx.com]
2026-07-07 05:45:26: ▲ Next.js 16.2.6
2026-07-07 05:45:26: - Local:         http://localhost:3003
2026-07-07 05:45:26: - Network:       http://0.0.0.0:3003
2026-07-07 05:45:26: ✓ Ready in 232ms
2026-07-07 05:45:26: ◇ injected env (0) from .env.local // tip: ⌘ custom filepath { path: '/custom/path/.env' }
2026-07-07 05:45:26: ◇ injected env (0) from .env // tip: ⌘ suppress logs { quiet: true }
2026-07-07 06:02:28: ▲ Next.js 16.2.6
2026-07-07 06:02:28: - Local:         http://localhost:3003
2026-07-07 06:02:28: - Network:       http://0.0.0.0:3003
2026-07-07 06:02:28: ✓ Ready in 367ms
2026-07-07 06:02:28: ◇ injected env (0) from .env.local // tip: ⌘ custom filepath { path: '/custom/path/.env' }
2026-07-07 06:02:28: ◇ injected env (0) from .env // tip: ⌘ custom filepath { path: '/custom/path/.env' }
2026-07-07 06:09:17: ▲ Next.js 16.2.6
2026-07-07 06:09:17: - Local:         http://localhost:3003
2026-07-07 06:09:17: - Network:       http://0.0.0.0:3003
2026-07-07 06:09:17: ✓ Ready in 191ms
2026-07-07 06:09:17: ◇ injected env (0) from .env.local // tip: ⌘ multiple files { path: ['.env.local', '.env'] }
2026-07-07 06:09:17: ◇ injected env (0) from .env // tip: ⌘ multiple files { path: ['.env.local', '.env'] }
2026-07-07 07:20:03: ▲ Next.js 16.2.6
2026-07-07 07:20:03: - Local:         http://localhost:3003
2026-07-07 07:20:03: - Network:       http://0.0.0.0:3003
2026-07-07 07:20:03: ✓ Ready in 215ms
2026-07-07 07:20:03: ◇ injected env (0) from .env.local // tip: ⌘ enable debugging { debug: true }
2026-07-07 07:20:03: ◇ injected env (0) from .env // tip: ⌘ suppress logs { quiet: true }
2026-07-07 14:50:36: ▲ Next.js 16.2.6
2026-07-07 14:50:36: - Local:         http://localhost:3003
2026-07-07 14:50:36: - Network:       http://0.0.0.0:3003
2026-07-07 14:50:36: ✓ Ready in 195ms
2026-07-07 14:50:36: ◇ injected env (0) from .env.local // tip: ⌘ multiple files { path: ['.env.local', '.env'] }
2026-07-07 14:50:36: ◇ injected env (0) from .env // tip: ⌘ override existing { override: true }
2026-07-07 15:02:22: ▲ Next.js 16.2.6
2026-07-07 15:02:22: - Local:         http://localhost:3003
2026-07-07 15:02:22: - Network:       http://0.0.0.0:3003
2026-07-07 15:02:22: ✓ Ready in 192ms
2026-07-07 15:02:22: ◇ injected env (0) from .env.local // tip: ⌘ custom filepath { path: '/custom/path/.env' }
2026-07-07 15:02:22: ◇ injected env (0) from .env // tip: ⌘ multiple files { path: ['.env.local', '.env'] }
2026-07-07 20:17:51: ▲ Next.js 16.2.6
2026-07-07 20:17:51: - Local:         http://localhost:3003
2026-07-07 20:17:51: - Network:       http://0.0.0.0:3003
2026-07-07 20:17:51: ✓ Ready in 500ms
2026-07-07 20:17:51: ◇ injected env (0) from .env.local // tip: ⌘ multiple files { path: ['.env.local', '.env'] }
2026-07-07 20:17:51: ◇ injected env (0) from .env // tip: ◈ encrypted .env [www.dotenvx.com]
2026-07-07 20:32:49: ▲ Next.js 16.2.6
2026-07-07 20:32:49: - Local:         http://localhost:3003
2026-07-07 20:32:49: - Network:       http://0.0.0.0:3003
2026-07-07 20:32:49: ✓ Ready in 556ms
2026-07-07 20:32:49: ◇ injected env (0) from .env.local // tip: ⌘ override existing { override: true }
2026-07-07 20:32:49: ◇ injected env (0) from .env // tip: ◈ encrypted .env [www.dotenvx.com]
2026-07-07 20:41:18: ▲ Next.js 16.2.6
2026-07-07 20:41:18: - Local:         http://localhost:3003
2026-07-07 20:41:18: - Network:       http://0.0.0.0:3003
2026-07-07 20:41:18: ✓ Ready in 622ms
2026-07-07 20:41:18: ◇ injected env (0) from .env.local // tip: ⌘ enable debugging { debug: true }
2026-07-07 20:41:18: ◇ injected env (0) from .env // tip: ⌘ multiple files { path: ['.env.local', '.env'] }
2026-07-07 20:52:47: ▲ Next.js 16.2.6
2026-07-07 20:52:47: - Local:         http://localhost:3003
2026-07-07 20:52:47: - Network:       http://0.0.0.0:3003
2026-07-07 20:52:47: ✓ Ready in 721ms
2026-07-07 20:52:47: ◇ injected env (0) from .env.local // tip: ⌘ multiple files { path: ['.env.local', '.env'] }
2026-07-07 20:52:47: ◇ injected env (0) from .env // tip: ⌁ auth for agents [www.vestauth.com]
2026-07-07 20:56:47: ▲ Next.js 16.2.6
2026-07-07 20:56:47: - Local:         http://localhost:3003
2026-07-07 20:56:47: - Network:       http://0.0.0.0:3003
2026-07-07 20:56:47: ✓ Ready in 560ms
2026-07-07 20:56:47: ◇ injected env (0) from .env.local // tip: ⌘ enable debugging { debug: true }
2026-07-07 20:56:47: ◇ injected env (0) from .env // tip: ⌘ suppress logs { quiet: true }
2026-07-07 21:00:19: ▲ Next.js 16.2.6
2026-07-07 21:00:19: - Local:         http://localhost:3003
2026-07-07 21:00:19: - Network:       http://0.0.0.0:3003
2026-07-07 21:00:19: ✓ Ready in 592ms
2026-07-07 21:00:19: ◇ injected env (0) from .env.local // tip: ⌘ custom filepath { path: '/custom/path/.env' }
2026-07-07 21:00:19: ◇ injected env (0) from .env // tip: ◈ secrets for agents [www.dotenvx.com]
2026-07-07 23:12:04: ▲ Next.js 16.2.6
2026-07-07 23:12:04: - Local:         http://localhost:3003
2026-07-07 23:12:04: - Network:       http://0.0.0.0:3003
2026-07-07 23:12:04: ✓ Ready in 685ms
2026-07-07 23:12:04: ◇ injected env (0) from .env.local // tip: ⌘ enable debugging { debug: true }
2026-07-07 23:12:04: ◇ injected env (0) from .env // tip: ◈ secrets for agents [www.dotenvx.com]
2026-07-07 23:33:00: ▲ Next.js 16.2.6
2026-07-07 23:33:00: - Local:         http://localhost:3003
2026-07-07 23:33:00: - Network:       http://0.0.0.0:3003
2026-07-07 23:33:00: ✓ Ready in 630ms
2026-07-07 23:33:00: ◇ injected env (0) from .env.local // tip: ◈ secrets for agents [www.dotenvx.com]
2026-07-07 23:33:00: ◇ injected env (0) from .env // tip: ⌘ suppress logs { quiet: true }
2026-07-08 00:55:59: ▲ Next.js 16.2.6
2026-07-08 00:55:59: - Local:         http://localhost:3003
2026-07-08 00:55:59: - Network:       http://0.0.0.0:3003
2026-07-08 00:55:59: ✓ Ready in 790ms
2026-07-08 00:55:59: ◇ injected env (0) from .env.local // tip: ⌘ suppress logs { quiet: true }
2026-07-08 00:55:59: ◇ injected env (0) from .env // tip: ⌁ auth for agents [www.vestauth.com]
2026-07-08 02:20:10: ▲ Next.js 16.2.6
2026-07-08 02:20:10: - Local:         http://localhost:3003
2026-07-08 02:20:10: - Network:       http://0.0.0.0:3003
2026-07-08 02:20:10: ✓ Ready in 689ms
2026-07-08 02:20:10: ◇ injected env (0) from .env.local // tip: ◈ secrets for agents [www.dotenvx.com]
2026-07-08 02:20:10: ◇ injected env (0) from .env // tip: ⌘ suppress logs { quiet: true }
2026-07-08 02:22:39: ▲ Next.js 16.2.6
2026-07-08 02:22:39: - Local:         http://localhost:3003
2026-07-08 02:22:39: - Network:       http://0.0.0.0:3003
2026-07-08 02:22:39: ✓ Ready in 646ms
2026-07-08 02:22:40: ◇ injected env (0) from .env.local // tip: ⌘ custom filepath { path: '/custom/path/.env' }
2026-07-08 02:22:40: ◇ injected env (0) from .env // tip: ⌘ multiple files { path: ['.env.local', '.env'] }
2026-07-08 02:30:00: ▲ Next.js 16.2.6
2026-07-08 02:30:00: - Local:         http://localhost:3003
2026-07-08 02:30:00: - Network:       http://0.0.0.0:3003
2026-07-08 02:30:00: ✓ Ready in 349ms
2026-07-08 02:30:00: ◇ injected env (0) from .env.local // tip: ⌘ override existing { override: true }
2026-07-08 02:30:00: ◇ injected env (0) from .env // tip: ⌘ enable debugging { debug: true }
2026-07-08 03:26:55: ▲ Next.js 16.2.6
2026-07-08 03:26:55: - Local:         http://localhost:3003
2026-07-08 03:26:55: - Network:       http://0.0.0.0:3003
2026-07-08 03:26:55: ✓ Ready in 559ms
2026-07-08 03:26:55: ◇ injected env (0) from .env.local // tip: ⌘ enable debugging { debug: true }
2026-07-08 03:26:55: ◇ injected env (0) from .env // tip: ◈ encrypted .env [www.dotenvx.com]
2026-07-08 03:50:53: ▲ Next.js 16.2.6
2026-07-08 03:50:53: - Local:         http://localhost:3003
2026-07-08 03:50:53: - Network:       http://0.0.0.0:3003
2026-07-08 03:50:53: ✓ Ready in 284ms
2026-07-08 03:50:54: ◇ injected env (0) from .env.local // tip: ◈ encrypted .env [www.dotenvx.com]
2026-07-08 03:50:54: ◇ injected env (0) from .env // tip: ⌘ enable debugging { debug: true }
2026-07-08 03:51:31: ▲ Next.js 16.2.6
2026-07-08 03:51:31: - Local:         http://localhost:3003
2026-07-08 03:51:31: - Network:       http://0.0.0.0:3003
2026-07-08 03:51:31: ✓ Ready in 220ms
2026-07-08 03:51:31: ◇ injected env (0) from .env.local // tip: ◈ secrets for agents [www.dotenvx.com]
2026-07-08 03:51:31: ◇ injected env (0) from .env // tip: ⌁ auth for agents [www.vestauth.com]
2026-07-08 03:58:32: ▲ Next.js 16.2.6
2026-07-08 03:58:32: - Local:         http://localhost:3003
2026-07-08 03:58:32: - Network:       http://0.0.0.0:3003
2026-07-08 03:58:32: ✓ Ready in 565ms
2026-07-08 03:58:33: ◇ injected env (0) from .env.local // tip: ⌘ multiple files { path: ['.env.local', '.env'] }
2026-07-08 03:58:33: ◇ injected env (0) from .env // tip: ⌘ override existing { override: true }
2026-07-08 04:24:29: ▲ Next.js 16.2.6
2026-07-08 04:24:29: - Local:         http://localhost:3003
2026-07-08 04:24:29: - Network:       http://0.0.0.0:3003
2026-07-08 04:24:29: ✓ Ready in 528ms
2026-07-08 04:24:29: ◇ injected env (0) from .env.local // tip: ⌘ override existing { override: true }
2026-07-08 04:24:29: ◇ injected env (0) from .env // tip: ⌘ suppress logs { quiet: true }
2026-07-08 04:35:07: ▲ Next.js 16.2.6
2026-07-08 04:35:07: - Local:         http://localhost:3003
2026-07-08 04:35:07: - Network:       http://0.0.0.0:3003
2026-07-08 04:35:07: ✓ Ready in 623ms
2026-07-08 04:35:07: ◇ injected env (0) from .env.local // tip: ◈ secrets for agents [www.dotenvx.com]
2026-07-08 04:35:07: ◇ injected env (0) from .env // tip: ⌘ multiple files { path: ['.env.local', '.env'] }
2026-07-08 04:49:11: ▲ Next.js 16.2.6
2026-07-08 04:49:11: - Local:         http://localhost:3003
2026-07-08 04:49:11: - Network:       http://0.0.0.0:3003
2026-07-08 04:49:11: ✓ Ready in 478ms
2026-07-08 04:49:11: ◇ injected env (0) from .env.local // tip: ◈ encrypted .env [www.dotenvx.com]
2026-07-08 04:49:11: ◇ injected env (0) from .env // tip: ⌘ enable debugging { debug: true }
2026-07-08 05:07:10: ▲ Next.js 16.2.6
2026-07-08 05:07:10: - Local:         http://localhost:3003
2026-07-08 05:07:10: - Network:       http://0.0.0.0:3003
2026-07-08 05:07:10: ✓ Ready in 595ms
2026-07-08 05:07:10: ◇ injected env (0) from .env.local // tip: ◈ secrets for agents [www.dotenvx.com]
2026-07-08 05:07:10: ◇ injected env (0) from .env // tip: ⌘ custom filepath { path: '/custom/path/.env' }
2026-07-08 05:31:25: ▲ Next.js 16.2.6
2026-07-08 05:31:25: - Local:         http://localhost:3003
2026-07-08 05:31:25: - Network:       http://0.0.0.0:3003
2026-07-08 05:31:25: ✓ Ready in 723ms
2026-07-08 05:31:25: ◇ injected env (0) from .env.local // tip: ⌘ override existing { override: true }
2026-07-08 05:31:25: ◇ injected env (0) from .env // tip: ⌘ multiple files { path: ['.env.local', '.env'] }
2026-07-08 06:06:33: ▲ Next.js 16.2.6
2026-07-08 06:06:33: - Local:         http://localhost:3003
2026-07-08 06:06:33: - Network:       http://0.0.0.0:3003
2026-07-08 06:06:33: ✓ Ready in 189ms
2026-07-08 06:06:33: ◇ injected env (0) from .env.local // tip: ⌁ auth for agents [www.vestauth.com]
2026-07-08 06:06:33: ◇ injected env (0) from .env // tip: ⌘ enable debugging { debug: true }
2026-07-08 06:13:21: ▲ Next.js 16.2.6
2026-07-08 06:13:21: - Local:         http://localhost:3003
2026-07-08 06:13:21: - Network:       http://0.0.0.0:3003
2026-07-08 06:13:21: ✓ Ready in 572ms
2026-07-08 06:13:21: ◇ injected env (0) from .env.local // tip: ⌘ suppress logs { quiet: true }
2026-07-08 06:13:21: ◇ injected env (0) from .env // tip: ⌘ custom filepath { path: '/custom/path/.env' }
2026-07-08 16:27:28: ▲ Next.js 16.2.6
2026-07-08 16:27:28: - Local:         http://localhost:3003
2026-07-08 16:27:28: - Network:       http://0.0.0.0:3003
2026-07-08 16:27:28: ✓ Ready in 256ms
2026-07-08 16:27:28: ◇ injected env (0) from .env.local // tip: ⌘ custom filepath { path: '/custom/path/.env' }
2026-07-08 16:27:28: ◇ injected env (0) from .env // tip: ◈ encrypted .env [www.dotenvx.com]
2026-07-08 16:28:20: ▲ Next.js 16.2.6
2026-07-08 16:28:20: - Local:         http://localhost:3003
2026-07-08 16:28:20: - Network:       http://0.0.0.0:3003
2026-07-08 16:28:20: ✓ Ready in 298ms
2026-07-08 16:28:20: ◇ injected env (0) from .env.local // tip: ⌁ auth for agents [www.vestauth.com]
2026-07-08 16:28:20: ◇ injected env (0) from .env // tip: ⌘ multiple files { path: ['.env.local', '.env'] }
2026-07-08 16:39:33: ▲ Next.js 16.2.6
2026-07-08 16:39:33: - Local:         http://localhost:3003
2026-07-08 16:39:33: - Network:       http://0.0.0.0:3003
2026-07-08 16:39:33: ✓ Ready in 257ms
2026-07-08 16:39:33: ◇ injected env (0) from .env.local // tip: ◈ encrypted .env [www.dotenvx.com]
2026-07-08 16:39:33: ◇ injected env (0) from .env // tip: ⌘ suppress logs { quiet: true }
2026-07-08 16:52:44: ▲ Next.js 16.2.6
2026-07-08 16:52:44: - Local:         http://localhost:3003
2026-07-08 16:52:44: - Network:       http://0.0.0.0:3003
2026-07-08 16:52:44: ✓ Ready in 451ms
2026-07-08 16:52:44: ◇ injected env (0) from .env.local // tip: ⌘ multiple files { path: ['.env.local', '.env'] }
2026-07-08 16:52:44: ◇ injected env (0) from .env // tip: ⌘ enable debugging { debug: true }
2026-07-08 17:36:05: ▲ Next.js 16.2.6
2026-07-08 17:36:05: - Local:         http://localhost:3003
2026-07-08 17:36:05: - Network:       http://0.0.0.0:3003
2026-07-08 17:36:05: ✓ Ready in 204ms
2026-07-08 17:36:05: ◇ injected env (0) from .env.local // tip: ⌁ auth for agents [www.vestauth.com]
2026-07-08 17:36:05: ◇ injected env (0) from .env // tip: ⌘ suppress logs { quiet: true }
2026-07-08 17:38:53: ▲ Next.js 16.2.6
2026-07-08 17:38:53: - Local:         http://localhost:3003
2026-07-08 17:38:53: - Network:       http://0.0.0.0:3003
2026-07-08 17:38:53: ✓ Ready in 591ms
2026-07-08 17:38:53: ◇ injected env (0) from .env.local // tip: ◈ secrets for agents [www.dotenvx.com]
2026-07-08 17:38:53: ◇ injected env (0) from .env // tip: ⌘ multiple files { path: ['.env.local', '.env'] }
2026-07-08 17:44:07: ▲ Next.js 16.2.6
2026-07-08 17:44:07: - Local:         http://localhost:3003
2026-07-08 17:44:07: - Network:       http://0.0.0.0:3003
2026-07-08 17:44:07: ✓ Ready in 200ms
2026-07-08 17:44:07: ◇ injected env (0) from .env.local // tip: ◈ secrets for agents [www.dotenvx.com]
2026-07-08 17:44:07: ◇ injected env (0) from .env // tip: ⌘ override existing { override: true }
2026-07-08 17:49:13: ▲ Next.js 16.2.6
2026-07-08 17:49:13: - Local:         http://localhost:3003
2026-07-08 17:49:13: - Network:       http://0.0.0.0:3003
2026-07-08 17:49:13: ✓ Ready in 200ms
2026-07-08 17:49:13: ◇ injected env (0) from .env.local // tip: ⌘ suppress logs { quiet: true }
2026-07-08 17:49:13: ◇ injected env (0) from .env // tip: ◈ secrets for agents [www.dotenvx.com]
2026-07-08 17:53:13: ▲ Next.js 16.2.6
2026-07-08 17:53:13: - Local:         http://localhost:3003
2026-07-08 17:53:13: - Network:       http://0.0.0.0:3003
2026-07-08 17:53:13: ✓ Ready in 205ms
2026-07-08 17:53:13: ◇ injected env (0) from .env.local // tip: ⌘ multiple files { path: ['.env.local', '.env'] }
2026-07-08 17:53:13: ◇ injected env (0) from .env // tip: ⌘ override existing { override: true }
2026-07-08 17:57:16: ▲ Next.js 16.2.6
2026-07-08 17:57:16: - Local:         http://localhost:3003
2026-07-08 17:57:16: - Network:       http://0.0.0.0:3003
2026-07-08 17:57:16: ✓ Ready in 187ms
2026-07-08 17:57:16: ◇ injected env (0) from .env.local // tip: ⌘ multiple files { path: ['.env.local', '.env'] }
2026-07-08 17:57:16: ◇ injected env (0) from .env // tip: ⌘ multiple files { path: ['.env.local', '.env'] }
2026-07-08 18:00:23: ▲ Next.js 16.2.6
2026-07-08 18:00:23: - Local:         http://localhost:3003
2026-07-08 18:00:23: - Network:       http://0.0.0.0:3003
2026-07-08 18:00:23: ✓ Ready in 200ms
2026-07-08 18:00:23: ◇ injected env (0) from .env.local // tip: ⌘ multiple files { path: ['.env.local', '.env'] }
2026-07-08 18:00:23: ◇ injected env (0) from .env // tip: ⌘ enable debugging { debug: true }
2026-07-08 18:07:05: ▲ Next.js 16.2.6
2026-07-08 18:07:05: - Local:         http://localhost:3003
2026-07-08 18:07:05: - Network:       http://0.0.0.0:3003
2026-07-08 18:07:05: ✓ Ready in 238ms
2026-07-08 18:07:05: ◇ injected env (0) from .env.local // tip: ⌘ custom filepath { path: '/custom/path/.env' }
2026-07-08 18:07:05: ◇ injected env (0) from .env // tip: ◈ secrets for agents [www.dotenvx.com]
2026-07-08 18:10:06: ▲ Next.js 16.2.6
2026-07-08 18:10:06: - Local:         http://localhost:3003
2026-07-08 18:10:06: - Network:       http://0.0.0.0:3003
2026-07-08 18:10:06: ✓ Ready in 212ms
2026-07-08 18:10:06: ◇ injected env (0) from .env.local // tip: ⌘ suppress logs { quiet: true }
2026-07-08 18:10:06: ◇ injected env (0) from .env // tip: ⌘ custom filepath { path: '/custom/path/.env' }
2026-07-08 18:11:56: ▲ Next.js 16.2.6
2026-07-08 18:11:56: - Local:         http://localhost:3003
2026-07-08 18:11:56: - Network:       http://0.0.0.0:3003
2026-07-08 18:11:56: ✓ Ready in 208ms
2026-07-08 18:11:56: ◇ injected env (0) from .env.local // tip: ⌘ custom filepath { path: '/custom/path/.env' }
2026-07-08 18:11:56: ◇ injected env (0) from .env // tip: ◈ secrets for agents [www.dotenvx.com]
2026-07-08 18:13:15: ▲ Next.js 16.2.6
2026-07-08 18:13:15: - Local:         http://localhost:3003
2026-07-08 18:13:15: - Network:       http://0.0.0.0:3003
2026-07-08 18:13:15: ✓ Ready in 206ms
2026-07-08 18:13:15: ◇ injected env (0) from .env.local // tip: ⌘ enable debugging { debug: true }
2026-07-08 18:13:15: ◇ injected env (0) from .env // tip: ⌘ custom filepath { path: '/custom/path/.env' }
2026-07-08 18:17:23: ▲ Next.js 16.2.6
2026-07-08 18:17:23: - Local:         http://localhost:3003
2026-07-08 18:17:23: - Network:       http://0.0.0.0:3003
2026-07-08 18:17:23: ✓ Ready in 189ms
2026-07-08 18:17:23: ◇ injected env (0) from .env.local // tip: ⌘ multiple files { path: ['.env.local', '.env'] }
2026-07-08 18:17:23: ◇ injected env (0) from .env // tip: ⌘ custom filepath { path: '/custom/path/.env' }
2026-07-09 03:26:05: ▲ Next.js 16.2.6
2026-07-09 03:26:05: - Local:         http://localhost:3003
2026-07-09 03:26:05: - Network:       http://0.0.0.0:3003
2026-07-09 03:26:05: ✓ Ready in 478ms
2026-07-09 03:26:05: ◇ injected env (0) from .env.local // tip: ⌘ enable debugging { debug: true }
2026-07-09 03:26:05: ◇ injected env (0) from .env // tip: ◈ secrets for agents [www.dotenvx.com]
2026-07-09 03:55:29: ▲ Next.js 16.2.6
2026-07-09 03:55:29: - Local:         http://localhost:3003
2026-07-09 03:55:29: - Network:       http://0.0.0.0:3003
2026-07-09 03:55:29: ✓ Ready in 418ms
2026-07-09 03:55:30: ◇ injected env (0) from .env.local // tip: ◈ encrypted .env [www.dotenvx.com]
2026-07-09 03:55:30: ◇ injected env (0) from .env // tip: ◈ encrypted .env [www.dotenvx.com]
2026-07-09 04:05:04: ▲ Next.js 16.2.6
2026-07-09 04:05:04: - Local:         http://localhost:3003
2026-07-09 04:05:04: - Network:       http://0.0.0.0:3003
2026-07-09 04:05:04: ✓ Ready in 379ms
2026-07-09 04:05:04: ◇ injected env (0) from .env.local // tip: ⌘ multiple files { path: ['.env.local', '.env'] }
2026-07-09 04:05:04: ◇ injected env (0) from .env // tip: ◈ encrypted .env [www.dotenvx.com]
2026-07-09 04:09:51: ▲ Next.js 16.2.6
2026-07-09 04:09:51: - Local:         http://localhost:3003
2026-07-09 04:09:51: - Network:       http://0.0.0.0:3003
2026-07-09 04:09:51: ✓ Ready in 632ms
2026-07-09 04:09:51: ◇ injected env (0) from .env.local // tip: ◈ secrets for agents [www.dotenvx.com]
2026-07-09 04:09:51: ◇ injected env (0) from .env // tip: ◈ secrets for agents [www.dotenvx.com]
2026-07-09 04:16:00: ▲ Next.js 16.2.6
2026-07-09 04:16:00: - Local:         http://localhost:3003
2026-07-09 04:16:00: - Network:       http://0.0.0.0:3003
2026-07-09 04:16:00: ✓ Ready in 567ms
2026-07-09 04:16:00: ◇ injected env (0) from .env.local // tip: ⌘ multiple files { path: ['.env.local', '.env'] }
2026-07-09 04:16:00: ◇ injected env (0) from .env // tip: ⌘ override existing { override: true }
2026-07-09 04:24:59: ▲ Next.js 16.2.6
2026-07-09 04:24:59: - Local:         http://localhost:3003
2026-07-09 04:24:59: - Network:       http://0.0.0.0:3003
2026-07-09 04:24:59: ✓ Ready in 441ms
2026-07-09 04:24:59: ◇ injected env (0) from .env.local // tip: ⌁ auth for agents [www.vestauth.com]
2026-07-09 04:24:59: ◇ injected env (0) from .env // tip: ⌁ auth for agents [www.vestauth.com]
2026-07-09 04:29:23: ▲ Next.js 16.2.6
2026-07-09 04:29:23: - Local:         http://localhost:3003
2026-07-09 04:29:23: - Network:       http://0.0.0.0:3003
2026-07-09 04:29:23: ✓ Ready in 454ms
2026-07-09 04:29:23: ◇ injected env (0) from .env.local // tip: ⌁ auth for agents [www.vestauth.com]
2026-07-09 04:29:23: ◇ injected env (0) from .env // tip: ⌘ override existing { override: true }
2026-07-09 04:41:06: ▲ Next.js 16.2.6
2026-07-09 04:41:06: - Local:         http://localhost:3003
2026-07-09 04:41:06: - Network:       http://0.0.0.0:3003
2026-07-09 04:41:06: ✓ Ready in 378ms
2026-07-09 04:41:06: ◇ injected env (0) from .env.local // tip: ◈ secrets for agents [www.dotenvx.com]
2026-07-09 04:41:06: ◇ injected env (0) from .env // tip: ⌘ custom filepath { path: '/custom/path/.env' }
2026-07-09 04:43:02: ▲ Next.js 16.2.6
2026-07-09 04:43:02: - Local:         http://localhost:3003
2026-07-09 04:43:02: - Network:       http://0.0.0.0:3003
2026-07-09 04:43:02: ✓ Ready in 514ms
2026-07-09 04:43:02: ◇ injected env (0) from .env.local // tip: ⌘ override existing { override: true }
2026-07-09 04:43:02: ◇ injected env (0) from .env // tip: ⌘ custom filepath { path: '/custom/path/.env' }
2026-07-09 04:50:16: ▲ Next.js 16.2.6
2026-07-09 04:50:16: - Local:         http://localhost:3003
2026-07-09 04:50:16: - Network:       http://0.0.0.0:3003
2026-07-09 04:50:16: ✓ Ready in 441ms
2026-07-09 04:50:16: ◇ injected env (0) from .env.local // tip: ⌘ enable debugging { debug: true }
2026-07-09 04:50:16: ◇ injected env (0) from .env // tip: ⌘ override existing { override: true }
2026-07-09 05:03:53: ▲ Next.js 16.2.6
2026-07-09 05:03:53: - Local:         http://localhost:3003
2026-07-09 05:03:53: - Network:       http://0.0.0.0:3003
2026-07-09 05:03:53: ✓ Ready in 508ms
2026-07-09 05:03:53: ◇ injected env (0) from .env.local // tip: ⌘ suppress logs { quiet: true }
2026-07-09 05:03:53: ◇ injected env (0) from .env // tip: ⌁ auth for agents [www.vestauth.com]
2026-07-09 05:09:47: ▲ Next.js 16.2.6
2026-07-09 05:09:47: - Local:         http://localhost:3003
2026-07-09 05:09:47: - Network:       http://0.0.0.0:3003
2026-07-09 05:09:47: ✓ Ready in 469ms
2026-07-09 05:09:47: ◇ injected env (0) from .env.local // tip: ⌘ multiple files { path: ['.env.local', '.env'] }
2026-07-09 05:09:47: ◇ injected env (0) from .env // tip: ⌁ auth for agents [www.vestauth.com]
2026-07-09 07:17:53: ▲ Next.js 16.2.6
2026-07-09 07:17:53: - Local:         http://localhost:3003
2026-07-09 07:17:53: - Network:       http://0.0.0.0:3003
2026-07-09 07:17:53: ✓ Ready in 420ms
2026-07-09 07:17:53: ◇ injected env (0) from .env.local // tip: ◈ secrets for agents [www.dotenvx.com]
2026-07-09 07:17:53: ◇ injected env (0) from .env // tip: ⌘ enable debugging { debug: true }
2026-07-09 07:25:08: ▲ Next.js 16.2.6
2026-07-09 07:25:08: - Local:         http://localhost:3003
2026-07-09 07:25:08: - Network:       http://0.0.0.0:3003
2026-07-09 07:25:08: ✓ Ready in 500ms
2026-07-09 07:25:08: ◇ injected env (0) from .env.local // tip: ⌘ suppress logs { quiet: true }
2026-07-09 07:25:08: ◇ injected env (0) from .env // tip: ⌁ auth for agents [www.vestauth.com]
2026-07-09 07:36:35: ▲ Next.js 16.2.6
2026-07-09 07:36:35: - Local:         http://localhost:3003
2026-07-09 07:36:35: - Network:       http://0.0.0.0:3003
2026-07-09 07:36:35: ✓ Ready in 424ms
2026-07-09 07:36:35: ◇ injected env (0) from .env.local // tip: ◈ secrets for agents [www.dotenvx.com]
2026-07-09 07:36:35: ◇ injected env (0) from .env // tip: ◈ secrets for agents [www.dotenvx.com]
2026-07-09 07:37:48: ▲ Next.js 16.2.6
2026-07-09 07:37:48: - Local:         http://localhost:3003
2026-07-09 07:37:48: - Network:       http://0.0.0.0:3003
2026-07-09 07:37:48: ✓ Ready in 349ms
2026-07-09 07:37:48: ◇ injected env (0) from .env.local // tip: ⌘ multiple files { path: ['.env.local', '.env'] }
2026-07-09 07:37:48: ◇ injected env (0) from .env // tip: ⌘ suppress logs { quiet: true }
2026-07-09 07:49:02: ▲ Next.js 16.2.6
2026-07-09 07:49:02: - Local:         http://localhost:3003
2026-07-09 07:49:02: - Network:       http://0.0.0.0:3003
2026-07-09 07:49:02: ✓ Ready in 380ms
2026-07-09 07:49:02: ◇ injected env (0) from .env.local // tip: ◈ secrets for agents [www.dotenvx.com]
2026-07-09 07:49:02: ◇ injected env (0) from .env // tip: ⌘ custom filepath { path: '/custom/path/.env' }
2026-07-09 09:07:48: ▲ Next.js 16.2.6
2026-07-09 09:07:48: - Local:         http://localhost:3003
2026-07-09 09:07:48: - Network:       http://0.0.0.0:3003
2026-07-09 09:07:48: ✓ Ready in 330ms
2026-07-09 09:07:48: ◇ injected env (0) from .env.local // tip: ⌘ suppress logs { quiet: true }
2026-07-09 09:07:48: ◇ injected env (0) from .env // tip: ⌁ auth for agents [www.vestauth.com]
2026-07-09 09:15:06: ▲ Next.js 16.2.6
2026-07-09 09:15:06: - Local:         http://localhost:3003
2026-07-09 09:15:06: - Network:       http://0.0.0.0:3003
2026-07-09 09:15:06: ✓ Ready in 324ms
2026-07-09 09:15:06: ◇ injected env (0) from .env.local // tip: ⌘ enable debugging { debug: true }
2026-07-09 09:15:06: ◇ injected env (0) from .env // tip: ◈ encrypted .env [www.dotenvx.com]
2026-07-09 09:24:21: ▲ Next.js 16.2.6
2026-07-09 09:24:21: - Local:         http://localhost:3003
2026-07-09 09:24:21: - Network:       http://0.0.0.0:3003
2026-07-09 09:24:21: ✓ Ready in 546ms
2026-07-09 09:24:21: ◇ injected env (0) from .env.local // tip: ◈ secrets for agents [www.dotenvx.com]
2026-07-09 09:24:21: ◇ injected env (0) from .env // tip: ⌘ multiple files { path: ['.env.local', '.env'] }
2026-07-09 15:43:43: ▲ Next.js 16.2.6
2026-07-09 15:43:43: - Local:         http://localhost:3003
2026-07-09 15:43:43: - Network:       http://0.0.0.0:3003
2026-07-09 15:43:43: ✓ Ready in 280ms
2026-07-09 15:43:43: ◇ injected env (0) from .env.local // tip: ⌘ enable debugging { debug: true }
2026-07-09 15:43:43: ◇ injected env (0) from .env // tip: ◈ secrets for agents [www.dotenvx.com]
2026-07-09 16:25:16: ▲ Next.js 16.2.6
2026-07-09 16:25:16: - Local:         http://localhost:3003
2026-07-09 16:25:16: - Network:       http://0.0.0.0:3003
2026-07-09 16:25:16: ✓ Ready in 317ms
2026-07-09 16:25:16: ◇ injected env (0) from .env.local // tip: ⌘ suppress logs { quiet: true }
2026-07-09 16:25:16: ◇ injected env (0) from .env // tip: ⌘ override existing { override: true }
2026-07-09 16:32:49: ▲ Next.js 16.2.6
2026-07-09 16:32:49: - Local:         http://localhost:3003
2026-07-09 16:32:49: - Network:       http://0.0.0.0:3003
2026-07-09 16:32:49: ✓ Ready in 454ms
2026-07-09 16:32:49: ◇ injected env (0) from .env.local // tip: ⌘ enable debugging { debug: true }
2026-07-09 16:32:49: ◇ injected env (0) from .env // tip: ⌘ multiple files { path: ['.env.local', '.env'] }
2026-07-09 16:48:30: ▲ Next.js 16.2.6
2026-07-09 16:48:30: - Local:         http://localhost:3003
2026-07-09 16:48:30: - Network:       http://0.0.0.0:3003
2026-07-09 16:48:30: ✓ Ready in 328ms
2026-07-09 16:48:30: ◇ injected env (0) from .env.local // tip: ⌁ auth for agents [www.vestauth.com]
2026-07-09 16:48:30: ◇ injected env (0) from .env // tip: ⌘ suppress logs { quiet: true }
2026-07-09 18:26:35: ▲ Next.js 16.2.6
2026-07-09 18:26:35: - Local:         http://localhost:3003
2026-07-09 18:26:35: - Network:       http://0.0.0.0:3003
2026-07-09 18:26:35: ✓ Ready in 544ms
2026-07-09 18:26:35: ◇ injected env (0) from .env.local // tip: ⌘ override existing { override: true }
2026-07-09 18:26:35: ◇ injected env (0) from .env // tip: ⌁ auth for agents [www.vestauth.com]
2026-07-09 21:56:44: ▲ Next.js 16.2.6
2026-07-09 21:56:44: - Local:         http://localhost:3003
2026-07-09 21:56:44: - Network:       http://0.0.0.0:3003
2026-07-09 21:56:44: ✓ Ready in 334ms
2026-07-09 21:56:44: ◇ injected env (0) from .env.local // tip: ⌁ auth for agents [www.vestauth.com]
2026-07-09 21:56:44: ◇ injected env (0) from .env // tip: ⌘ enable debugging { debug: true }
2026-07-09 22:05:15: ▲ Next.js 16.2.6
2026-07-09 22:05:15: - Local:         http://localhost:3003
2026-07-09 22:05:15: - Network:       http://0.0.0.0:3003
2026-07-09 22:05:15: ✓ Ready in 322ms
2026-07-09 22:05:15: ◇ injected env (0) from .env.local // tip: ⌘ override existing { override: true }
2026-07-09 22:05:15: ◇ injected env (0) from .env // tip: ⌘ enable debugging { debug: true }
2026-07-09 23:16:51: ▲ Next.js 16.2.6
2026-07-09 23:16:51: - Local:         http://localhost:3003
2026-07-09 23:16:51: - Network:       http://0.0.0.0:3003
2026-07-09 23:16:51: ✓ Ready in 416ms
2026-07-09 23:16:51: ◇ injected env (0) from .env.local // tip: ◈ secrets for agents [www.dotenvx.com]
2026-07-09 23:16:51: ◇ injected env (0) from .env // tip: ⌁ auth for agents [www.vestauth.com]
2026-07-09 23:59:50: ▲ Next.js 16.2.6
2026-07-09 23:59:50: - Local:         http://localhost:3003
2026-07-09 23:59:50: - Network:       http://0.0.0.0:3003
2026-07-09 23:59:50: ✓ Ready in 199ms
2026-07-09 23:59:50: ◇ injected env (0) from .env.local // tip: ◈ encrypted .env [www.dotenvx.com]
2026-07-09 23:59:50: ◇ injected env (0) from .env // tip: ◈ encrypted .env [www.dotenvx.com]
2026-07-10 00:15:11: ▲ Next.js 16.2.6
2026-07-10 00:15:11: - Local:         http://localhost:3003
2026-07-10 00:15:11: - Network:       http://0.0.0.0:3003
2026-07-10 00:15:11: ✓ Ready in 339ms
2026-07-10 00:15:11: ◇ injected env (0) from .env.local // tip: ⌘ custom filepath { path: '/custom/path/.env' }
2026-07-10 00:15:11: ◇ injected env (0) from .env // tip: ⌁ auth for agents [www.vestauth.com]
2026-07-10 00:24:32: ▲ Next.js 16.2.6
2026-07-10 00:24:32: - Local:         http://localhost:3003
2026-07-10 00:24:32: - Network:       http://0.0.0.0:3003
2026-07-10 00:24:32: ✓ Ready in 216ms
2026-07-10 00:24:32: ◇ injected env (0) from .env.local // tip: ◈ secrets for agents [www.dotenvx.com]
2026-07-10 00:24:32: ◇ injected env (0) from .env // tip: ◈ encrypted .env [www.dotenvx.com]
2026-07-10 00:33:26: ▲ Next.js 16.2.6
2026-07-10 00:33:26: - Local:         http://localhost:3003
2026-07-10 00:33:26: - Network:       http://0.0.0.0:3003
2026-07-10 00:33:26: ✓ Ready in 337ms
2026-07-10 00:33:26: ◇ injected env (0) from .env.local // tip: ◈ secrets for agents [www.dotenvx.com]
2026-07-10 00:33:26: ◇ injected env (0) from .env // tip: ◈ encrypted .env [www.dotenvx.com]
2026-07-10 00:40:04: ▲ Next.js 16.2.6
2026-07-10 00:40:04: - Local:         http://localhost:3003
2026-07-10 00:40:04: - Network:       http://0.0.0.0:3003
2026-07-10 00:40:04: ✓ Ready in 189ms
2026-07-10 00:40:04: ◇ injected env (0) from .env.local // tip: ◈ secrets for agents [www.dotenvx.com]
2026-07-10 00:40:04: ◇ injected env (0) from .env // tip: ⌘ override existing { override: true }
2026-07-10 00:41:56: ▲ Next.js 16.2.6
2026-07-10 00:41:56: - Local:         http://localhost:3003
2026-07-10 00:41:56: - Network:       http://0.0.0.0:3003
2026-07-10 00:41:56: ✓ Ready in 353ms
2026-07-10 00:41:57: ◇ injected env (0) from .env.local // tip: ⌁ auth for agents [www.vestauth.com]
2026-07-10 00:41:57: ◇ injected env (0) from .env // tip: ⌘ enable debugging { debug: true }
2026-07-10 00:46:57: ▲ Next.js 16.2.6
2026-07-10 00:46:57: - Local:         http://localhost:3003
2026-07-10 00:46:57: - Network:       http://0.0.0.0:3003
2026-07-10 00:46:57: ✓ Ready in 186ms
2026-07-10 00:46:57: ◇ injected env (0) from .env.local // tip: ⌁ auth for agents [www.vestauth.com]
2026-07-10 00:46:57: ◇ injected env (0) from .env // tip: ◈ encrypted .env [www.dotenvx.com]
2026-07-10 01:59:45: ▲ Next.js 16.2.6
2026-07-10 01:59:45: - Local:         http://localhost:3003
2026-07-10 01:59:45: - Network:       http://0.0.0.0:3003
2026-07-10 01:59:45: ✓ Ready in 367ms
2026-07-10 01:59:45: ◇ injected env (0) from .env.local // tip: ⌘ override existing { override: true }
2026-07-10 01:59:45: ◇ injected env (0) from .env // tip: ◈ encrypted .env [www.dotenvx.com]
2026-07-10 02:08:54: ▲ Next.js 16.2.6
2026-07-10 02:08:54: - Local:         http://localhost:3003
2026-07-10 02:08:54: - Network:       http://0.0.0.0:3003
2026-07-10 02:08:54: ✓ Ready in 462ms
2026-07-10 02:08:54: ◇ injected env (0) from .env.local // tip: ⌘ suppress logs { quiet: true }
2026-07-10 02:08:54: ◇ injected env (0) from .env // tip: ⌘ override existing { override: true }
2026-07-10 02:56:49: ▲ Next.js 16.2.6
2026-07-10 02:56:49: - Local:         http://localhost:3003
2026-07-10 02:56:49: - Network:       http://0.0.0.0:3003
2026-07-10 02:56:49: ✓ Ready in 437ms
2026-07-10 02:56:49: ◇ injected env (0) from .env.local // tip: ◈ secrets for agents [www.dotenvx.com]
2026-07-10 02:56:49: ◇ injected env (0) from .env // tip: ⌘ override existing { override: true }
2026-07-11 04:52:06: ▲ Next.js 16.2.6
2026-07-11 04:52:06: - Local:         http://localhost:3003
2026-07-11 04:52:06: - Network:       http://0.0.0.0:3003
2026-07-11 04:52:06: ✓ Ready in 188ms
2026-07-11 04:52:06: ◇ injected env (0) from .env.local // tip: ◈ encrypted .env [www.dotenvx.com]
2026-07-11 04:52:06: ◇ injected env (0) from .env // tip: ◈ secrets for agents [www.dotenvx.com]
2026-07-11 04:54:21: ▲ Next.js 16.2.6
2026-07-11 04:54:21: - Local:         http://localhost:3003
2026-07-11 04:54:21: - Network:       http://0.0.0.0:3003
2026-07-11 04:54:21: ✓ Ready in 330ms
2026-07-11 04:54:21: ◇ injected env (0) from .env.local // tip: ⌁ auth for agents [www.vestauth.com]
2026-07-11 04:54:21: ◇ injected env (0) from .env // tip: ◈ secrets for agents [www.dotenvx.com]
2026-07-11 05:03:23: ▲ Next.js 16.2.6
2026-07-11 05:03:23: - Local:         http://localhost:3003
2026-07-11 05:03:23: - Network:       http://0.0.0.0:3003
2026-07-11 05:03:23: ✓ Ready in 183ms
2026-07-11 05:03:23: ◇ injected env (0) from .env.local // tip: ⌘ suppress logs { quiet: true }
2026-07-11 05:03:23: ◇ injected env (0) from .env // tip: ◈ encrypted .env [www.dotenvx.com]
2026-07-11 05:04:49: ▲ Next.js 16.2.6
2026-07-11 05:04:49: - Local:         http://localhost:3003
2026-07-11 05:04:49: - Network:       http://0.0.0.0:3003
2026-07-11 05:04:49: ✓ Ready in 394ms
2026-07-11 05:04:49: ◇ injected env (0) from .env.local // tip: ⌘ multiple files { path: ['.env.local', '.env'] }
2026-07-11 05:04:49: ◇ injected env (0) from .env // tip: ⌘ enable debugging { debug: true }
2026-07-11 05:09:45: ▲ Next.js 16.2.6
2026-07-11 05:09:45: - Local:         http://localhost:3003
2026-07-11 05:09:45: - Network:       http://0.0.0.0:3003
2026-07-11 05:09:45: ✓ Ready in 186ms
2026-07-11 05:09:45: ◇ injected env (0) from .env.local // tip: ⌘ override existing { override: true }
2026-07-11 05:09:45: ◇ injected env (0) from .env // tip: ⌘ enable debugging { debug: true }
2026-07-11 05:17:38: ▲ Next.js 16.2.6
2026-07-11 05:17:38: - Local:         http://localhost:3003
2026-07-11 05:17:38: - Network:       http://0.0.0.0:3003
2026-07-11 05:17:38: ✓ Ready in 330ms
2026-07-11 05:17:38: ◇ injected env (0) from .env.local // tip: ⌘ suppress logs { quiet: true }
2026-07-11 05:17:38: ◇ injected env (0) from .env // tip: ◈ secrets for agents [www.dotenvx.com]
2026-07-11 05:37:43: ▲ Next.js 16.2.6
2026-07-11 05:37:43: - Local:         http://localhost:3003
2026-07-11 05:37:43: - Network:       http://0.0.0.0:3003
2026-07-11 05:37:43: ✓ Ready in 185ms
2026-07-11 05:37:43: ◇ injected env (0) from .env.local // tip: ⌁ auth for agents [www.vestauth.com]
2026-07-11 05:37:43: ◇ injected env (0) from .env // tip: ⌘ suppress logs { quiet: true }
2026-07-11 05:54:57: ▲ Next.js 16.2.6
2026-07-11 05:54:57: - Local:         http://localhost:3003
2026-07-11 05:54:57: - Network:       http://0.0.0.0:3003
2026-07-11 05:54:57: ✓ Ready in 236ms
2026-07-11 05:54:57: ◇ injected env (0) from .env.local // tip: ⌘ suppress logs { quiet: true }
2026-07-11 05:54:57: ◇ injected env (0) from .env // tip: ⌁ auth for agents [www.vestauth.com]
2026-07-11 06:01:42: ▲ Next.js 16.2.6
2026-07-11 06:01:42: - Local:         http://localhost:3003
2026-07-11 06:01:42: - Network:       http://0.0.0.0:3003
2026-07-11 06:01:42: ✓ Ready in 186ms
2026-07-11 06:01:42: ◇ injected env (0) from .env.local // tip: ⌘ custom filepath { path: '/custom/path/.env' }
2026-07-11 06:01:42: ◇ injected env (0) from .env // tip: ◈ encrypted .env [www.dotenvx.com]
2026-07-11 06:05:03: ▲ Next.js 16.2.6
2026-07-11 06:05:03: - Local:         http://localhost:3003
2026-07-11 06:05:03: - Network:       http://0.0.0.0:3003
2026-07-11 06:05:03: ✓ Ready in 488ms
2026-07-11 06:05:03: ◇ injected env (0) from .env.local // tip: ◈ secrets for agents [www.dotenvx.com]
2026-07-11 06:05:03: ◇ injected env (0) from .env // tip: ⌘ override existing { override: true }
2026-07-11 06:19:35: ▲ Next.js 16.2.6
2026-07-11 06:19:35: - Local:         http://localhost:3003
2026-07-11 06:19:35: - Network:       http://0.0.0.0:3003
2026-07-11 06:19:35: ✓ Ready in 193ms
2026-07-11 06:19:35: ◇ injected env (0) from .env.local // tip: ⌘ enable debugging { debug: true }
2026-07-11 06:19:35: ◇ injected env (0) from .env // tip: ⌘ suppress logs { quiet: true }
2026-07-11 06:21:06: ▲ Next.js 16.2.6
2026-07-11 06:21:06: - Local:         http://localhost:3003
2026-07-11 06:21:06: - Network:       http://0.0.0.0:3003
2026-07-11 06:21:06: ✓ Ready in 530ms
2026-07-11 06:21:06: ◇ injected env (0) from .env.local // tip: ◈ encrypted .env [www.dotenvx.com]
2026-07-11 06:21:06: ◇ injected env (0) from .env // tip: ◈ encrypted .env [www.dotenvx.com]
2026-07-11 06:28:12: ▲ Next.js 16.2.6
2026-07-11 06:28:12: - Local:         http://localhost:3003
2026-07-11 06:28:12: - Network:       http://0.0.0.0:3003
2026-07-11 06:28:12: ✓ Ready in 196ms
2026-07-11 06:28:12: ◇ injected env (0) from .env.local // tip: ◈ encrypted .env [www.dotenvx.com]
2026-07-11 06:28:12: ◇ injected env (0) from .env // tip: ⌘ multiple files { path: ['.env.local', '.env'] }
2026-07-11 06:30:21: ▲ Next.js 16.2.6
2026-07-11 06:30:21: - Local:         http://localhost:3003
2026-07-11 06:30:21: - Network:       http://0.0.0.0:3003
2026-07-11 06:30:21: ✓ Ready in 513ms
2026-07-11 06:30:21: ◇ injected env (0) from .env.local // tip: ⌘ enable debugging { debug: true }
2026-07-11 06:30:21: ◇ injected env (0) from .env // tip: ⌘ multiple files { path: ['.env.local', '.env'] }
2026-07-11 06:45:42: ▲ Next.js 16.2.6
2026-07-11 06:45:42: - Local:         http://localhost:3003
2026-07-11 06:45:42: - Network:       http://0.0.0.0:3003
2026-07-11 06:45:42: ✓ Ready in 194ms
2026-07-11 06:45:42: ◇ injected env (0) from .env.local // tip: ⌁ auth for agents [www.vestauth.com]
2026-07-11 06:45:42: ◇ injected env (0) from .env // tip: ⌘ suppress logs { quiet: true }
2026-07-11 06:47:12: ▲ Next.js 16.2.6
2026-07-11 06:47:12: - Local:         http://localhost:3003
2026-07-11 06:47:12: - Network:       http://0.0.0.0:3003
2026-07-11 06:47:12: ✓ Ready in 391ms
2026-07-11 06:47:12: ◇ injected env (0) from .env.local // tip: ◈ encrypted .env [www.dotenvx.com]
2026-07-11 06:47:12: ◇ injected env (0) from .env // tip: ⌘ custom filepath { path: '/custom/path/.env' }
2026-07-11 06:56:26: ▲ Next.js 16.2.6
2026-07-11 06:56:26: - Local:         http://localhost:3003
2026-07-11 06:56:26: - Network:       http://0.0.0.0:3003
2026-07-11 06:56:26: ✓ Ready in 234ms
2026-07-11 06:56:26: ◇ injected env (0) from .env.local // tip: ⌘ suppress logs { quiet: true }
2026-07-11 06:56:26: ◇ injected env (0) from .env // tip: ⌘ enable debugging { debug: true }
2026-07-11 06:58:17: ▲ Next.js 16.2.6
2026-07-11 06:58:17: - Local:         http://localhost:3003
2026-07-11 06:58:17: - Network:       http://0.0.0.0:3003
2026-07-11 06:58:17: ✓ Ready in 365ms
2026-07-11 06:58:17: ◇ injected env (0) from .env.local // tip: ⌘ custom filepath { path: '/custom/path/.env' }
2026-07-11 06:58:17: ◇ injected env (0) from .env // tip: ⌘ multiple files { path: ['.env.local', '.env'] }
2026-07-11 07:04:47: ▲ Next.js 16.2.6
2026-07-11 07:04:47: - Local:         http://localhost:3003
2026-07-11 07:04:47: - Network:       http://0.0.0.0:3003
2026-07-11 07:04:47: ✓ Ready in 186ms
2026-07-11 07:04:47: ◇ injected env (0) from .env.local // tip: ◈ secrets for agents [www.dotenvx.com]
2026-07-11 07:04:47: ◇ injected env (0) from .env // tip: ⌘ override existing { override: true }
2026-07-11 07:06:18: ▲ Next.js 16.2.6
2026-07-11 07:06:18: - Local:         http://localhost:3003
2026-07-11 07:06:18: - Network:       http://0.0.0.0:3003
2026-07-11 07:06:18: ✓ Ready in 339ms
2026-07-11 07:06:18: ◇ injected env (0) from .env.local // tip: ⌘ suppress logs { quiet: true }
2026-07-11 07:06:18: ◇ injected env (0) from .env // tip: ⌁ auth for agents [www.vestauth.com]
2026-07-11 07:15:54: ▲ Next.js 16.2.6
2026-07-11 07:15:54: - Local:         http://localhost:3003
2026-07-11 07:15:54: - Network:       http://0.0.0.0:3003
2026-07-11 07:15:54: ✓ Ready in 631ms
2026-07-11 07:15:54: ◇ injected env (0) from .env.local // tip: ⌁ auth for agents [www.vestauth.com]
2026-07-11 07:15:54: ◇ injected env (0) from .env // tip: ⌘ suppress logs { quiet: true }
2026-07-11 15:30:29: ▲ Next.js 16.2.6
2026-07-11 15:30:29: - Local:         http://localhost:3003
2026-07-11 15:30:29: - Network:       http://0.0.0.0:3003
2026-07-11 15:30:29: ✓ Ready in 187ms
2026-07-11 15:30:29: ◇ injected env (0) from .env.local // tip: ⌘ override existing { override: true }
2026-07-11 15:30:29: ◇ injected env (0) from .env // tip: ◈ encrypted .env [www.dotenvx.com]
2026-07-11 15:31:52: ▲ Next.js 16.2.6
2026-07-11 15:31:52: - Local:         http://localhost:3003
2026-07-11 15:31:52: - Network:       http://0.0.0.0:3003
2026-07-11 15:31:52: ✓ Ready in 343ms
2026-07-11 15:31:52: ◇ injected env (0) from .env.local // tip: ⌘ suppress logs { quiet: true }
2026-07-11 15:31:52: ◇ injected env (0) from .env // tip: ⌘ override existing { override: true }
2026-07-12 17:11:15: ▲ Next.js 16.2.6
2026-07-12 17:11:15: - Local:         http://localhost:3003
2026-07-12 17:11:15: - Network:       http://0.0.0.0:3003
2026-07-12 17:11:15: ✓ Ready in 607ms
2026-07-12 17:11:15: ◇ injected env (0) from .env.local // tip: ⌘ multiple files { path: ['.env.local', '.env'] }
2026-07-12 17:11:15: ◇ injected env (0) from .env // tip: ◈ secrets for agents [www.dotenvx.com]
2026-07-12 18:34:14: ▲ Next.js 16.2.6
2026-07-12 18:34:14: - Local:         http://localhost:3003
2026-07-12 18:34:14: - Network:       http://0.0.0.0:3003
2026-07-12 18:34:14: ✓ Ready in 357ms
2026-07-12 18:34:14: ◇ injected env (0) from .env.local // tip: ◈ secrets for agents [www.dotenvx.com]
2026-07-12 18:34:14: ◇ injected env (0) from .env // tip: ⌁ auth for agents [www.vestauth.com]
2026-07-12 18:39:42: ▲ Next.js 16.2.6
2026-07-12 18:39:42: - Local:         http://localhost:3003
2026-07-12 18:39:42: - Network:       http://0.0.0.0:3003
2026-07-12 18:39:42: ✓ Ready in 633ms
2026-07-12 18:39:42: ◇ injected env (0) from .env.local // tip: ⌁ auth for agents [www.vestauth.com]
2026-07-12 18:39:42: ◇ injected env (0) from .env // tip: ⌘ suppress logs { quiet: true }
2026-07-12 19:31:51: ▲ Next.js 16.2.6
2026-07-12 19:31:51: - Local:         http://localhost:3003
2026-07-12 19:31:51: - Network:       http://0.0.0.0:3003
2026-07-12 19:31:51: ✓ Ready in 352ms
2026-07-12 19:31:51: ◇ injected env (0) from .env.local // tip: ⌁ auth for agents [www.vestauth.com]
2026-07-12 19:31:51: ◇ injected env (0) from .env // tip: ⌘ enable debugging { debug: true }
2026-07-12 20:12:23: ▲ Next.js 16.2.6
2026-07-12 20:12:23: - Local:         http://localhost:3003
2026-07-12 20:12:23: - Network:       http://0.0.0.0:3003
2026-07-12 20:12:23: ✓ Ready in 326ms
2026-07-12 20:12:23: ◇ injected env (0) from .env.local // tip: ⌁ auth for agents [www.vestauth.com]
2026-07-12 20:12:23: ◇ injected env (0) from .env // tip: ◈ encrypted .env [www.dotenvx.com]
2026-07-12 20:19:25: ▲ Next.js 16.2.6
2026-07-12 20:19:25: - Local:         http://localhost:3003
2026-07-12 20:19:25: - Network:       http://0.0.0.0:3003
2026-07-12 20:19:25: ✓ Ready in 352ms
2026-07-12 20:19:25: ◇ injected env (0) from .env.local // tip: ◈ secrets for agents [www.dotenvx.com]
2026-07-12 20:19:25: ◇ injected env (0) from .env // tip: ⌘ override existing { override: true }
2026-07-12 20:29:34: ▲ Next.js 16.2.6
2026-07-12 20:29:34: - Local:         http://localhost:3003
2026-07-12 20:29:34: - Network:       http://0.0.0.0:3003
2026-07-12 20:29:34: ✓ Ready in 645ms
2026-07-12 20:29:34: ◇ injected env (0) from .env.local // tip: ⌘ enable debugging { debug: true }
2026-07-12 20:29:34: ◇ injected env (0) from .env // tip: ◈ encrypted .env [www.dotenvx.com]
2026-07-12 20:48:08: ▲ Next.js 16.2.6
2026-07-12 20:48:08: - Local:         http://localhost:3003
2026-07-12 20:48:08: - Network:       http://0.0.0.0:3003
2026-07-12 20:48:08: ✓ Ready in 331ms
2026-07-12 20:48:08: ◇ injected env (0) from .env.local // tip: ⌘ multiple files { path: ['.env.local', '.env'] }
2026-07-12 20:48:08: ◇ injected env (0) from .env // tip: ◈ encrypted .env [www.dotenvx.com]
2026-07-12 21:07:48: ▲ Next.js 16.2.6
2026-07-12 21:07:48: - Local:         http://localhost:3003
2026-07-12 21:07:48: - Network:       http://0.0.0.0:3003
2026-07-12 21:07:48: ✓ Ready in 345ms
2026-07-12 21:07:48: ◇ injected env (0) from .env.local // tip: ⌘ enable debugging { debug: true }
2026-07-12 21:07:48: ◇ injected env (0) from .env // tip: ⌁ auth for agents [www.vestauth.com]
2026-07-12 21:26:56: ▲ Next.js 16.2.6
2026-07-12 21:26:56: - Local:         http://localhost:3003
2026-07-12 21:26:56: - Network:       http://0.0.0.0:3003
2026-07-12 21:26:56: ✓ Ready in 329ms
2026-07-12 21:26:56: ◇ injected env (0) from .env.local // tip: ⌘ enable debugging { debug: true }
2026-07-12 21:26:56: ◇ injected env (0) from .env // tip: ⌘ override existing { override: true }
2026-07-12 21:42:59: ▲ Next.js 16.2.6
2026-07-12 21:42:59: - Local:         http://localhost:3003
2026-07-12 21:42:59: - Network:       http://0.0.0.0:3003
2026-07-12 21:42:59: ✓ Ready in 343ms
2026-07-12 21:42:59: ◇ injected env (0) from .env.local // tip: ⌘ multiple files { path: ['.env.local', '.env'] }
2026-07-12 21:42:59: ◇ injected env (0) from .env // tip: ⌘ override existing { override: true }
2026-07-12 22:18:23: ▲ Next.js 16.2.6
2026-07-12 22:18:23: - Local:         http://localhost:3003
2026-07-12 22:18:23: - Network:       http://0.0.0.0:3003
2026-07-12 22:18:23: ✓ Ready in 195ms
2026-07-12 22:18:23: ◇ injected env (0) from .env.local // tip: ⌘ override existing { override: true }
2026-07-12 22:18:23: ◇ injected env (0) from .env // tip: ◈ encrypted .env [www.dotenvx.com]
